Flow report for usbfunc
Thu Dec 21 17:08:47 2017
Quartus II 32-bit Version 13.0.0 Build 156 04/24/2013 SJ Web Edition


---------------------
; Table of Contents ;
---------------------
  1. Legal Notice
  2. Flow Summary
  3. Flow Settings
  4. Flow Non-Default Global Settings
  5. Flow Elapsed Time
  6. Flow OS Summary
  7. Flow Log
  8. Flow Messages
  9. Flow Suppressed Messages



----------------
; Legal Notice ;
----------------
Copyright (C) 1991-2013 Altera Corporation
Your use of Altera Corporation's design tools, logic functions 
and other software and tools, and its AMPP partner logic 
functions, and any output files from any of the foregoing 
(including device programming or simulation files), and any 
associated documentation or information are expressly subject 
to the terms and conditions of the Altera Program License 
Subscription Agreement, Altera MegaCore Function License 
Agreement, or other applicable license agreement, including, 
without limitation, that your use is for the sole purpose of 
programming logic devices manufactured by Altera and sold by 
Altera or its authorized distributors.  Please refer to the 
applicable agreement for further details.



+---------------------------------------------------------------------------------+
; Flow Summary                                                                    ;
+------------------------------------+--------------------------------------------+
; Flow Status                        ; Flow Failed - Thu Dec 21 17:08:47 2017     ;
; Quartus II 32-bit Version          ; 13.0.0 Build 156 04/24/2013 SJ Web Edition ;
; Revision Name                      ; usbfunc                                    ;
; Top-level Entity Name              ; Block1                                     ;
; Family                             ; Cyclone III                                ;
; Device                             ; EP3C10E144C8                               ;
; Timing Models                      ; Final                                      ;
; Total logic elements               ; N/A until Partition Merge                  ;
;     Total combinational functions  ; N/A until Partition Merge                  ;
;     Dedicated logic registers      ; N/A until Partition Merge                  ;
; Total registers                    ; N/A until Partition Merge                  ;
; Total pins                         ; N/A until Partition Merge                  ;
; Total virtual pins                 ; N/A until Partition Merge                  ;
; Total memory bits                  ; N/A until Partition Merge                  ;
; Embedded Multiplier 9-bit elements ; N/A until Partition Merge                  ;
; Total PLLs                         ; N/A until Partition Merge                  ;
+------------------------------------+--------------------------------------------+


+-----------------------------------------+
; Flow Settings                           ;
+-------------------+---------------------+
; Option            ; Setting             ;
+-------------------+---------------------+
; Start date & time ; 12/21/2017 17:08:45 ;
; Main task         ; Compilation         ;
; Revision Name     ; usbfunc             ;
+-------------------+---------------------+


+-------------------------------------------------------------------------------------------------------------------------------------------------------------------------------------------------------------------------------------------------------------------------------------------------------------------+
; Flow Non-Default Global Settings                                                                                                                                                                                                                                                                                  ;
+-------------------------------------+----------------------------------------------------------------------------------------------------------------------------------------------------------------------------------------------------------------------------+---------------+-------------+------------------+
; Assignment Name                     ; Value                                                                                                                                                                                                                      ; Default Value ; Entity Name ; Section Id       ;
+-------------------------------------+----------------------------------------------------------------------------------------------------------------------------------------------------------------------------------------------------------------------------+---------------+-------------+------------------+
; COMPILER_SIGNATURE_ID               ; 136635251767.151386172503564                                                                                                                                                                                               ; --            ; --          ; --               ;
; ENABLE_LOGIC_ANALYZER_INTERFACE     ; Off                                                                                                                                                                                                                        ; --            ; --          ; --               ;
; ENABLE_SIGNALTAP                    ; On                                                                                                                                                                                                                         ; --            ; --          ; --               ;
; IP_TOOL_NAME                        ; ALTLVDS_RX                                                                                                                                                                                                                 ; --            ; --          ; --               ;
; IP_TOOL_NAME                        ; ALTLVDS_RX                                                                                                                                                                                                                 ; --            ; --          ; --               ;
; IP_TOOL_NAME                        ; PCI Compiler                                                                                                                                                                                                               ; --            ; --          ; --               ;
; IP_TOOL_NAME                        ; LPM_COUNTER                                                                                                                                                                                                                ; --            ; --          ; --               ;
; IP_TOOL_NAME                        ; ALTIOBUF                                                                                                                                                                                                                   ; --            ; --          ; --               ;
; IP_TOOL_NAME                        ; ALTIOBUF                                                                                                                                                                                                                   ; --            ; --          ; --               ;
; IP_TOOL_NAME                        ; ALTIOBUF                                                                                                                                                                                                                   ; --            ; --          ; --               ;
; IP_TOOL_VERSION                     ; 13.0                                                                                                                                                                                                                       ; --            ; --          ; --               ;
; IP_TOOL_VERSION                     ; 13.0                                                                                                                                                                                                                       ; --            ; --          ; --               ;
; IP_TOOL_VERSION                     ; 13.0                                                                                                                                                                                                                       ; --            ; --          ; --               ;
; IP_TOOL_VERSION                     ; 13.0                                                                                                                                                                                                                       ; --            ; --          ; --               ;
; IP_TOOL_VERSION                     ; 13.0                                                                                                                                                                                                                       ; --            ; --          ; --               ;
; IP_TOOL_VERSION                     ; 13.0                                                                                                                                                                                                                       ; --            ; --          ; --               ;
; IP_TOOL_VERSION                     ; 13.0                                                                                                                                                                                                                       ; --            ; --          ; --               ;
; MAX_CORE_JUNCTION_TEMP              ; 85                                                                                                                                                                                                                         ; --            ; --          ; --               ;
; MIN_CORE_JUNCTION_TEMP              ; 0                                                                                                                                                                                                                          ; --            ; --          ; --               ;
; MISC_FILE                           ; altvds.bsf                                                                                                                                                                                                                 ; --            ; --          ; --               ;
; MISC_FILE                           ; altvds_inst.vhd                                                                                                                                                                                                            ; --            ; --          ; --               ;
; MISC_FILE                           ; altvds.inc                                                                                                                                                                                                                 ; --            ; --          ; --               ;
; MISC_FILE                           ; altvds.cmp                                                                                                                                                                                                                 ; --            ; --          ; --               ;
; MISC_FILE                           ; altvds.ppf                                                                                                                                                                                                                 ; --            ; --          ; --               ;
; MISC_FILE                           ; altlvds_rx0.bsf                                                                                                                                                                                                            ; --            ; --          ; --               ;
; MISC_FILE                           ; altlvds_rx0_inst.v                                                                                                                                                                                                         ; --            ; --          ; --               ;
; MISC_FILE                           ; altlvds_rx0_bb.v                                                                                                                                                                                                           ; --            ; --          ; --               ;
; MISC_FILE                           ; altlvds_rx0.inc                                                                                                                                                                                                            ; --            ; --          ; --               ;
; MISC_FILE                           ; altlvds_rx0.cmp                                                                                                                                                                                                            ; --            ; --          ; --               ;
; MISC_FILE                           ; altlvds_rx0.ppf                                                                                                                                                                                                            ; --            ; --          ; --               ;
; MISC_FILE                           ; pci_wizard-library/altpciav.v                                                                                                                                                                                              ; --            ; --          ; --               ;
; MISC_FILE                           ; pci_wizard-library/altpciav_lite.v                                                                                                                                                                                         ; --            ; --          ; --               ;
; MISC_FILE                           ; pci_wizard-library/pcimt32.inc                                                                                                                                                                                             ; --            ; --          ; --               ;
; MISC_FILE                           ; pci_wizard-library/pcimt32_adce.tdf                                                                                                                                                                                        ; --            ; --          ; --               ;
; MISC_FILE                           ; pci_wizard-library/pcimt32_c.tdf                                                                                                                                                                                           ; --            ; --          ; --               ;
; MISC_FILE                           ; pci_wizard-library/pcimt32_cd.tdf                                                                                                                                                                                          ; --            ; --          ; --               ;
; MISC_FILE                           ; pci_wizard-library/pcimt32_dp.v                                                                                                                                                                                            ; --            ; --          ; --               ;
; MISC_FILE                           ; pci_wizard-library/pcimt32_m.tdf                                                                                                                                                                                           ; --            ; --          ; --               ;
; MISC_FILE                           ; pci_wizard-library/pcimt32_pg.tdf                                                                                                                                                                                          ; --            ; --          ; --               ;
; MISC_FILE                           ; pci_wizard-library/pcimt32_pk.tdf                                                                                                                                                                                          ; --            ; --          ; --               ;
; MISC_FILE                           ; pci_wizard-library/pcimt32_sr.tdf                                                                                                                                                                                          ; --            ; --          ; --               ;
; MISC_FILE                           ; pci_wizard-library/pcimt32_t.tdf                                                                                                                                                                                           ; --            ; --          ; --               ;
; MISC_FILE                           ; pci_wizard-library/pcimt64.inc                                                                                                                                                                                             ; --            ; --          ; --               ;
; MISC_FILE                           ; pci_wizard-library/pcimt64_adce.tdf                                                                                                                                                                                        ; --            ; --          ; --               ;
; MISC_FILE                           ; pci_wizard-library/pcimt64_c.tdf                                                                                                                                                                                           ; --            ; --          ; --               ;
; MISC_FILE                           ; pci_wizard-library/pcimt64_cd.tdf                                                                                                                                                                                          ; --            ; --          ; --               ;
; MISC_FILE                           ; pci_wizard-library/pcimt64_dp.v                                                                                                                                                                                            ; --            ; --          ; --               ;
; MISC_FILE                           ; pci_wizard-library/pcimt64_m.tdf                                                                                                                                                                                           ; --            ; --          ; --               ;
; MISC_FILE                           ; pci_wizard-library/pcimt64_pg.tdf                                                                                                                                                                                          ; --            ; --          ; --               ;
; MISC_FILE                           ; pci_wizard-library/pcimt64_pk.tdf                                                                                                                                                                                          ; --            ; --          ; --               ;
; MISC_FILE                           ; pci_wizard-library/pcimt64_sr.tdf                                                                                                                                                                                          ; --            ; --          ; --               ;
; MISC_FILE                           ; pci_wizard-library/pcimt64_t.tdf                                                                                                                                                                                           ; --            ; --          ; --               ;
; MISC_FILE                           ; pci_wizard-library/pcit32.inc                                                                                                                                                                                              ; --            ; --          ; --               ;
; MISC_FILE                           ; pci_wizard-library/pcit32_adce.tdf                                                                                                                                                                                         ; --            ; --          ; --               ;
; MISC_FILE                           ; pci_wizard-library/pcit32_c.tdf                                                                                                                                                                                            ; --            ; --          ; --               ;
; MISC_FILE                           ; pci_wizard-library/pcit32_cd.tdf                                                                                                                                                                                           ; --            ; --          ; --               ;
; MISC_FILE                           ; pci_wizard-library/pcit32_dp.v                                                                                                                                                                                             ; --            ; --          ; --               ;
; MISC_FILE                           ; pci_wizard-library/pcit32_pg.tdf                                                                                                                                                                                           ; --            ; --          ; --               ;
; MISC_FILE                           ; pci_wizard-library/pcit32_pk.tdf                                                                                                                                                                                           ; --            ; --          ; --               ;
; MISC_FILE                           ; pci_wizard-library/pcit32_sr.tdf                                                                                                                                                                                           ; --            ; --          ; --               ;
; MISC_FILE                           ; pci_wizard-library/pcit32_t.tdf                                                                                                                                                                                            ; --            ; --          ; --               ;
; MISC_FILE                           ; pci_wizard-library/pcit64.inc                                                                                                                                                                                              ; --            ; --          ; --               ;
; MISC_FILE                           ; pci_wizard-library/pcit64_adce.tdf                                                                                                                                                                                         ; --            ; --          ; --               ;
; MISC_FILE                           ; pci_wizard-library/pcit64_c.tdf                                                                                                                                                                                            ; --            ; --          ; --               ;
; MISC_FILE                           ; pci_wizard-library/pcit64_cd.tdf                                                                                                                                                                                           ; --            ; --          ; --               ;
; MISC_FILE                           ; pci_wizard-library/pcit64_dp.v                                                                                                                                                                                             ; --            ; --          ; --               ;
; MISC_FILE                           ; pci_wizard-library/pcit64_pg.tdf                                                                                                                                                                                           ; --            ; --          ; --               ;
; MISC_FILE                           ; pci_wizard-library/pcit64_pk.tdf                                                                                                                                                                                           ; --            ; --          ; --               ;
; MISC_FILE                           ; pci_wizard-library/pcit64_sr.tdf                                                                                                                                                                                           ; --            ; --          ; --               ;
; MISC_FILE                           ; pci_wizard-library/pcit64_t.tdf                                                                                                                                                                                            ; --            ; --          ; --               ;
; MISC_FILE                           ; pci_wizard-library/pci_mt32.inc                                                                                                                                                                                            ; --            ; --          ; --               ;
; MISC_FILE                           ; pci_wizard-library/pci_mt32.tdf                                                                                                                                                                                            ; --            ; --          ; --               ;
; MISC_FILE                           ; pci_wizard-library/pci_mt64.inc                                                                                                                                                                                            ; --            ; --          ; --               ;
; MISC_FILE                           ; pci_wizard-library/pci_mt64.tdf                                                                                                                                                                                            ; --            ; --          ; --               ;
; MISC_FILE                           ; pci_wizard-library/pci_t32.inc                                                                                                                                                                                             ; --            ; --          ; --               ;
; MISC_FILE                           ; pci_wizard-library/pci_t32.tdf                                                                                                                                                                                             ; --            ; --          ; --               ;
; MISC_FILE                           ; pci_wizard-library/pci_t64.inc                                                                                                                                                                                             ; --            ; --          ; --               ;
; MISC_FILE                           ; pci_wizard-library/pci_t64.tdf                                                                                                                                                                                             ; --            ; --          ; --               ;
; MISC_FILE                           ; pci.v                                                                                                                                                                                                                      ; --            ; --          ; --               ;
; MISC_FILE                           ; pci_bb.v                                                                                                                                                                                                                   ; --            ; --          ; --               ;
; MISC_FILE                           ; pci.bsf                                                                                                                                                                                                                    ; --            ; --          ; --               ;
; MISC_FILE                           ; pci_constraints_for_pci.tcl                                                                                                                                                                                                ; --            ; --          ; --               ;
; MISC_FILE                           ; pci_nativelink.tcl                                                                                                                                                                                                         ; --            ; --          ; --               ;
; MISC_FILE                           ; pci_nativelink                                                                                                                                                                                                             ; --            ; --          ; --               ;
; MISC_FILE                           ; pci.qip                                                                                                                                                                                                                    ; --            ; --          ; --               ;
; MISC_FILE                           ; pci.html                                                                                                                                                                                                                   ; --            ; --          ; --               ;
; MISC_FILE                           ; lpm_counter0.bsf                                                                                                                                                                                                           ; --            ; --          ; --               ;
; MISC_FILE                           ; lpm_counter0_bb.v                                                                                                                                                                                                          ; --            ; --          ; --               ;
; MISC_FILE                           ; altiobuf_dif.bsf                                                                                                                                                                                                           ; --            ; --          ; --               ;
; MISC_FILE                           ; altiobuf_dif_bb.v                                                                                                                                                                                                          ; --            ; --          ; --               ;
; MISC_FILE                           ; altiobuf.bsf                                                                                                                                                                                                               ; --            ; --          ; --               ;
; MISC_FILE                           ; altiobuf_bb.v                                                                                                                                                                                                              ; --            ; --          ; --               ;
; MISC_FILE                           ; altiobuf0.bsf                                                                                                                                                                                                              ; --            ; --          ; --               ;
; MISC_FILE                           ; altiobuf0_bb.v                                                                                                                                                                                                             ; --            ; --          ; --               ;
; OUTPUT_IO_TIMING_FAR_END_VMEAS      ; Half Signal Swing                                                                                                                                                                                                          ; --            ; --          ; --               ;
; OUTPUT_IO_TIMING_FAR_END_VMEAS      ; Half Signal Swing                                                                                                                                                                                                          ; --            ; --          ; --               ;
; OUTPUT_IO_TIMING_NEAR_END_VMEAS     ; Half Vccio                                                                                                                                                                                                                 ; --            ; --          ; --               ;
; OUTPUT_IO_TIMING_NEAR_END_VMEAS     ; Half Vccio                                                                                                                                                                                                                 ; --            ; --          ; --               ;
; PARTITION_COLOR                     ; 16764057                                                                                                                                                                                                                   ; --            ; Block1      ; Top              ;
; PARTITION_FITTER_PRESERVATION_LEVEL ; PLACEMENT_AND_ROUTING                                                                                                                                                                                                      ; --            ; Block1      ; Top              ;
; PARTITION_NETLIST_TYPE              ; SOURCE                                                                                                                                                                                                                     ; --            ; Block1      ; Top              ;
; POWER_BOARD_THERMAL_MODEL           ; None (CONSERVATIVE)                                                                                                                                                                                                        ; --            ; --          ; --               ;
; POWER_PRESET_COOLING_SOLUTION       ; 23 MM HEAT SINK WITH 200 LFPM AIRFLOW                                                                                                                                                                                      ; --            ; --          ; --               ;
; SEARCH_PATH                         ; .                                                                                                                                                                                                                          ; --            ; --          ; --               ;
; SEARCH_PATH                         ; pci_wizard-library                                                                                                                                                                                                         ; --            ; --          ; --               ;
; SLD_FILE                            ; C:/altera_projects/usbfunc/stp1_auto_stripped.stp                                                                                                                                                                          ; --            ; --          ; --               ;
; SLD_NODE_CREATOR_ID                 ; 110                                                                                                                                                                                                                        ; --            ; --          ; auto_signaltap_0 ;
; SLD_NODE_ENTITY_NAME                ; sld_signaltap                                                                                                                                                                                                              ; --            ; --          ; auto_signaltap_0 ;
; SLD_NODE_PARAMETER_ASSIGNMENT       ; SLD_NODE_INFO=805334528                                                                                                                                                                                                    ; --            ; --          ; auto_signaltap_0 ;
; SLD_NODE_PARAMETER_ASSIGNMENT       ; SLD_POWER_UP_TRIGGER=0                                                                                                                                                                                                     ; --            ; --          ; auto_signaltap_0 ;
; SLD_NODE_PARAMETER_ASSIGNMENT       ; SLD_STORAGE_QUALIFIER_INVERSION_MASK_LENGTH=0                                                                                                                                                                              ; --            ; --          ; auto_signaltap_0 ;
; SLD_NODE_PARAMETER_ASSIGNMENT       ; SLD_SEGMENT_SIZE=2048                                                                                                                                                                                                      ; --            ; --          ; auto_signaltap_0 ;
; SLD_NODE_PARAMETER_ASSIGNMENT       ; SLD_ATTRIBUTE_MEM_MODE=OFF                                                                                                                                                                                                 ; --            ; --          ; auto_signaltap_0 ;
; SLD_NODE_PARAMETER_ASSIGNMENT       ; SLD_STATE_FLOW_USE_GENERATED=0                                                                                                                                                                                             ; --            ; --          ; auto_signaltap_0 ;
; SLD_NODE_PARAMETER_ASSIGNMENT       ; SLD_STATE_BITS=11                                                                                                                                                                                                          ; --            ; --          ; auto_signaltap_0 ;
; SLD_NODE_PARAMETER_ASSIGNMENT       ; SLD_BUFFER_FULL_STOP=1                                                                                                                                                                                                     ; --            ; --          ; auto_signaltap_0 ;
; SLD_NODE_PARAMETER_ASSIGNMENT       ; SLD_CURRENT_RESOURCE_WIDTH=1                                                                                                                                                                                               ; --            ; --          ; auto_signaltap_0 ;
; SLD_NODE_PARAMETER_ASSIGNMENT       ; SLD_TRIGGER_LEVEL=1                                                                                                                                                                                                        ; --            ; --          ; auto_signaltap_0 ;
; SLD_NODE_PARAMETER_ASSIGNMENT       ; SLD_SAMPLE_DEPTH=2048                                                                                                                                                                                                      ; --            ; --          ; auto_signaltap_0 ;
; SLD_NODE_PARAMETER_ASSIGNMENT       ; SLD_TRIGGER_IN_ENABLED=1                                                                                                                                                                                                   ; --            ; --          ; auto_signaltap_0 ;
; SLD_NODE_PARAMETER_ASSIGNMENT       ; SLD_ADVANCED_TRIGGER_ENTITY=basic,1,                                                                                                                                                                                       ; --            ; --          ; auto_signaltap_0 ;
; SLD_NODE_PARAMETER_ASSIGNMENT       ; SLD_TRIGGER_LEVEL_PIPELINE=1                                                                                                                                                                                               ; --            ; --          ; auto_signaltap_0 ;
; SLD_NODE_PARAMETER_ASSIGNMENT       ; SLD_ENABLE_ADVANCED_TRIGGER=0                                                                                                                                                                                              ; --            ; --          ; auto_signaltap_0 ;
; SLD_NODE_PARAMETER_ASSIGNMENT       ; SLD_DATA_BITS=58                                                                                                                                                                                                           ; --            ; --          ; auto_signaltap_0 ;
; SLD_NODE_PARAMETER_ASSIGNMENT       ; SLD_TRIGGER_BITS=58                                                                                                                                                                                                        ; --            ; --          ; auto_signaltap_0 ;
; SLD_NODE_PARAMETER_ASSIGNMENT       ; SLD_INVERSION_MASK=0000000000000000000000000000000000000000000000000000000000000000000000000000000000000000000000000000000000000000000000000000000000000000000000000000000000000000000000000000000000000000000000000000000 ; --            ; --          ; auto_signaltap_0 ;
; SLD_NODE_PARAMETER_ASSIGNMENT       ; SLD_INVERSION_MASK_LENGTH=199                                                                                                                                                                                              ; --            ; --          ; auto_signaltap_0 ;
; SLD_NODE_PARAMETER_ASSIGNMENT       ; SLD_NODE_CRC_LOWORD=56525                                                                                                                                                                                                  ; --            ; --          ; auto_signaltap_0 ;
; SLD_NODE_PARAMETER_ASSIGNMENT       ; SLD_NODE_CRC_HIWORD=49557                                                                                                                                                                                                  ; --            ; --          ; auto_signaltap_0 ;
; TOP_LEVEL_ENTITY                    ; Block1                                                                                                                                                                                                                     ; usbfunc       ; --          ; --               ;
; USE_GENERATED_PHYSICAL_CONSTRAINTS  ; Off                                                                                                                                                                                                                        ; --            ; --          ; eda_blast_fpga   ;
; USE_SIGNALTAP_FILE                  ; stp1.stp                                                                                                                                                                                                                   ; --            ; --          ; --               ;
+-------------------------------------+----------------------------------------------------------------------------------------------------------------------------------------------------------------------------------------------------------------------------+---------------+-------------+------------------+


+--------------------------------------------------------------------------------------------------------------------------+
; Flow Elapsed Time                                                                                                        ;
+----------------------+--------------+-------------------------+---------------------+------------------------------------+
; Module Name          ; Elapsed Time ; Average Processors Used ; Peak Virtual Memory ; Total CPU Time (on all processors) ;
+----------------------+--------------+-------------------------+---------------------+------------------------------------+
; Analysis & Synthesis ; 00:00:02     ; 1.0                     ; 357 MB              ; 00:00:03                           ;
; Total                ; 00:00:02     ; --                      ; --                  ; 00:00:03                           ;
+----------------------+--------------+-------------------------+---------------------+------------------------------------+


+------------------------------------------------------------------------------------+
; Flow OS Summary                                                                    ;
+----------------------+------------------+------------+------------+----------------+
; Module Name          ; Machine Hostname ; OS Name    ; OS Version ; Processor type ;
+----------------------+------------------+------------+------------+----------------+
; Analysis & Synthesis ; microsof-45872f  ; Windows XP ; 5.1        ; i686           ;
+----------------------+------------------+------------+------------+----------------+


------------
; Flow Log ;
------------
quartus_map --read_settings_files=on --write_settings_files=off usbfunc -c usbfunc



